     TAR200ESP Site Information Form (site log)
     International GNSS Service
     See Instructions at:
       https://files.igscb.org/pub/station/general/sitelog_instr.txt


0.   Form

     Prepared by (full name)  : Geodesy Department - IGN (ergnss@mitma.es)
     Date Prepared            : 2022-09-07
     Report Type              : UPDATE
     If Update:
      Previous Site Log       : tar200esp_20210412.log
      Modified/Added Sections : 11


1.   Site Identification of the GNSS Monument

     Site Name                : Tarifa
     Four Character ID        : TAR2
     Monument Inscription     : None
     IERS DOMES Number        : 19350M003
     CDP Number               : (A4)
     Monument Description     : PILLAR
       Height of the Monument : 3 m
       Monument Foundation    : CONCRETE BLOCK
       Foundation Depth       : 1 m
     Marker Description       : BRASS PLATE
     Date Installed           : 2019-06-14
     Geologic Characteristic  : LIMESTONE
       Bedrock Type           : SEDIMENTARY
       Bedrock Condition      : WEATHERED
       Fracture Spacing       : 0 cm
       Fault zones nearby     : NO
         Distance/activity    : (multiple lines)
     Additional Information   : TAR2 is a reference point of the National
                              : Reference Stations Network raised by the Inst.
                              : Geografico Nacional. The monument is a
                              : reinforced concrete pillar on the entrance
                              : of the water treatment plant
                              : in the north of Tarifas town.


2.   Site Location Information

     City or Town             : Tarifa
     State or Province        : Cadiz
     Country                  : Spain
     Tectonic Plate           : EURASIAN
     Approximate Position (ITRF)
       X coordinate (m)       : 5139149.105
       Y coordinate (m)       : -504524.780
       Z coordinate (m)       : 3731311.269
       Latitude (N is +)      : +360202.76
       Longitude (E is +)     : -0053624.92
       Elevation (m,ellips.)  : 100.4
     Additional Information   : (multiple lines)


3.   GNSS Receiver Information

3.1  Receiver Type            : TRIMBLE NETR9
     Satellite System         : GPS+GLO+GAL
     Serial Number            : 5811R52372
     Firmware Version         : 5.48
     Elevation Cutoff Setting : 0 deg
     Date Installed           : 2019-06-14
     Date Removed             : 2021-04-12T08:00Z
     Temperature Stabiliz.    : none
     Additional Information   : (multiple lines)

3.2  Receiver Type            : TRIMBLE NETR9
     Satellite System         : GPS+GLO+GAL
     Serial Number            : 5811R52372
     Firmware Version         : 5.50
     Elevation Cutoff Setting : 0 deg
     Date Installed           : 2021-04-12T09:00Z
     Date Removed             : CCYY-MM-DDThh:mmZ
     Temperature Stabiliz.    : (deg C) +/- (deg C)
     Additional Information   : (multiple lines)

3.x  Receiver Type            : (A20, from rcvr_ant.tab; see instructions)
     Satellite System         : (GPS+GLO+GAL+BDS+QZSS+IRNSS+SBAS)
     Serial Number            : (A20, but note the first A5 is used in SINEX)
     Firmware Version         : (A11)
     Elevation Cutoff Setting : (deg)
     Date Installed           : (CCYY-MM-DDThh:mmZ)
     Date Removed             : (CCYY-MM-DDThh:mmZ)
     Temperature Stabiliz.    : (none or tolerance in degrees C)
     Additional Information   : (multiple lines)


4.   GNSS Antenna Information

4.1  Antenna Type             : TRM159900.00    SCIS
     Serial Number            : 5814338190
     Antenna Reference Point  : BPA
     Marker->ARP Up Ecc. (m)  :   0.0600
     Marker->ARP North Ecc(m) :   0.0000
     Marker->ARP East Ecc(m)  :   0.0000
     Alignment from True N    : 0 deg
     Antenna Radome Type      : SCIS
     Radome Serial Number     : 
     Antenna Cable Type       : TRIMBLE
     Antenna Cable Length     : 30 m
     Date Installed           : 2019-06-14
     Date Removed             : CCYY-MM-DDThh:mmZ
     Additional Information   : (multiple lines)

4.x  Antenna Type             : (A20, from rcvr_ant.tab; see instructions)
     Serial Number            : (A*, but note the first A5 is used in SINEX)
     Antenna Reference Point  : (BPA/BCR/XXX from "antenna.gra"; see instr.)
     Marker->ARP Up Ecc. (m)  : (F8.4)
     Marker->ARP North Ecc(m) : (F8.4)
     Marker->ARP East Ecc(m)  : (F8.4)
     Alignment from True N    : (deg; + is clockwise/east)
     Antenna Radome Type      : (A4 from rcvr_ant.tab; see instructions)
     Radome Serial Number     : 
     Antenna Cable Type       : (vendor & type number)
     Antenna Cable Length     : (m)
     Date Installed           : (CCYY-MM-DDThh:mmZ)
     Date Removed             : (CCYY-MM-DDThh:mmZ)
     Additional Information   : (multiple lines)


5.   Surveyed Local Ties

5.x  Tied Marker Name         : 
     Tied Marker Usage        : (SLR/VLBI/LOCAL CONTROL/FOOTPRINT/etc)
     Tied Marker CDP Number   : (A4)
     Tied Marker DOMES Number : (A9)
     Differential Components from GNSS Marker to the tied monument (ITRS)
       dx (m)                 : (m)
       dy (m)                 : (m)
       dz (m)                 : (m)
     Accuracy (mm)            : (mm)
     Survey method            : (GPS CAMPAIGN/TRILATERATION/TRIANGULATION/etc)
     Date Measured            : (CCYY-MM-DDThh:mmZ)
     Additional Information   : (multiple lines)


6.   Frequency Standard

6.1  Standard Type            : INTERNAL 
       Input Frequency        : (if external)
       Effective Dates        : 2014-05-09/CCYY-MM-DD
       Notes                  : (multiple lines)

6.x  Standard Type            : (INTERNAL or EXTERNAL H-MASER/CESIUM/etc)
       Input Frequency        : (if external)
       Effective Dates        : (CCYY-MM-DD/CCYY-MM-DD)
       Notes                  : (multiple lines)


7.   Collocation Information

7.x  Instrumentation Type     : (GPS/GLONASS/DORIS/PRARE/SLR/VLBI/TIME/etc)
       Status                 : (PERMANENT/MOBILE)
       Effective Dates        : (CCYY-MM-DD/CCYY-MM-DD)
       Notes                  : (multiple lines)


8.   Meteorological Instrumentation

8.1.x  Humidity Sensor Model  : 
       Manufacturer           : 
       Serial Number          : 
       Data Sampling Interval : (sec)
       Accuracy (% rel h)     : (% rel h)
       Aspiration             : (UNASPIRATED/NATURAL/FAN/etc)
       Height Diff to Ant     : (m)
       Calibration date       : (CCYY-MM-DD)
       Effective Dates        : (CCYY-MM-DD/CCYY-MM-DD)
       Notes                  : (multiple lines)

8.2.x  Pressure Sensor Model  : 
       Manufacturer           : 
       Serial Number          : 
       Data Sampling Interval : (sec)
       Accuracy               : (hPa)
       Height Diff to Ant     : (m)
       Calibration date       : (CCYY-MM-DD)
       Effective Dates        : (CCYY-MM-DD/CCYY-MM-DD)
       Notes                  : (multiple lines)

8.3.x  Temp. Sensor Model     : 
       Manufacturer           : 
       Serial Number          : 
       Data Sampling Interval : (sec)
       Accuracy               : (deg C)
       Aspiration             : (UNASPIRATED/NATURAL/FAN/etc)
       Height Diff to Ant     : (m)
       Calibration date       : (CCYY-MM-DD)
       Effective Dates        : (CCYY-MM-DD/CCYY-MM-DD)
       Notes                  : (multiple lines)

8.4.x  Water Vapor Radiometer : 
       Manufacturer           : 
       Serial Number          : 
       Distance to Antenna    : (m)
       Height Diff to Ant     : (m)
       Calibration date       : (CCYY-MM-DD)
       Effective Dates        : (CCYY-MM-DD/CCYY-MM-DD)
       Notes                  : (multiple lines)

8.5.x  Other Instrumentation  : (multiple lines)


9.   Local Ongoing Conditions Possibly Affecting Computed Position

9.1.x  Radio Interferences    : (TV/CELL PHONE ANTENNA/RADAR/etc)
       Observed Degradations  : (SN RATIO/DATA GAPS/etc)
       Effective Dates        : (CCYY-MM-DD/CCYY-MM-DD)
       Additional Information : (multiple lines)

9.2.x  Multipath Sources      : (METAL ROOF/DOME/VLBI ANTENNA/etc)
       Effective Dates        : (CCYY-MM-DD/CCYY-MM-DD)
       Additional Information : (multiple lines)

9.3.x  Signal Obstructions    : (TREES/BUILDINGS/etc)
       Effective Dates        : (CCYY-MM-DD/CCYY-MM-DD)
       Additional Information : (multiple lines)


10.  Local Episodic Effects Possibly Affecting Data Quality

10.x  Date                    : (CCYY-MM-DD/CCYY-MM-DD)
      Event                   : (TREE CLEARING/CONSTRUCTION/etc)


11.  On-Site, Point of Contact Agency Information

     Agency                   : Instituto Geografico Nacional de Espana
                              : Geodesy
     Preferred Abbreviation   : IGE
     Mailing Address          : General Ibanez de Ibero 3
                              : 28003 Madrid
                              : Spain
     Primary Contact
       Contact Name           : Geodesy Department - IGN
       Telephone (primary)    : 
       Telephone (secondary)  : 
       Fax                    : 
       E-mail                 : ergnss@mitma.es
     Secondary Contact
       Contact Name           : 
       Telephone (primary)    : 
       Telephone (secondary)  : 
       Fax                    : 
       E-mail                 : 
     Additional Information   : This station is part of National Geodetic
                              : GNSS Spanish Network (ERGNSS).
                              : More information at
                              : www.ign.es/web/ign/portal/gds-area-geodesia




12.  Responsible Agency (if different from 11.)

     Agency                   : (multiple lines)
     Preferred Abbreviation   : (A10)
     Mailing Address          : (multiple lines)
     Primary Contact
       Contact Name           : 
       Telephone (primary)    : 
       Telephone (secondary)  : 
       Fax                    : 
       E-mail                 : 
     Secondary Contact
       Contact Name           : 
       Telephone (primary)    : 
       Telephone (secondary)  : 
       Fax                    : 
       E-mail                 : 
     Additional Information   : (multiple lines)


13.  More Information

     Primary Data Center      : IGE
     Secondary Data Center    : 
     URL for More Information : www.ign.es/web/ign/portal/gds-gnss-estaciones-pe
                              : rmanenteswww.epncb.oma.be/_networkdata/siteinfo4
                              : onestation.php?station=TAR200ESP
     Hardcopy on File
       Site Map               : Y
       Site Diagram           : (Y or URL)
       Horizon Mask           : (Y or URL)
       Monument Description   : Y
       Site Pictures          : Y
     Additional Information   : ftp.geodesia.ign.es/ERGNSS/fichas/TAR2.pdf
                              : www.ign.es/web/ign/portal/gds-area-geodesia
     Antenna Graphics with Dimensions

TRM59900.00

                          -----
                      /     +     \                        <--  0.1248  L2
                     |      +      |                       <--  0.1112  L1
   +-------------------------------------------------+     <--  0.1020  TCR
   |                                                 |
   |                                                 |
   |                                                 |
   |                                                 |
 +-+-------------------------------------------------+-+   <--  0.0381
 +-------------------+-------------+-------------------+   <--  0.0350  BCR
                     |             |
                    =|             |
                     +------x------+                       <--  0.0000  BPA=ARP
                      |           |                                     RXC=NRP
                      |           |
                      |           |       Antenna Height = 0.0600 m
                      |           |
   -------------------+-----x-----+--------------------
                         marker

 <--                      0.3810                     -->


   ARP: Antenna Reference Point
   L1 : L1 Phase Center                   L2 : L2 Phase Center
   TCR: Top of Chokering                  BCR: Bottom of Chokering
   BPA: bottom of preamplifier

   NRP: North Reference Point
   NOM: north orientation mark (placed on antenna by manufacturer)
