     ACNS00ESP Site Information Form (site log)
     International GNSS Service
     See Instructions at:
       https://files.igs.org/pub/station/general/sitelog_instr.txt


0.   Form

     Prepared by (full name)  : GNSS Team (gnss@itacyl.es)
     Date Prepared            : 2023-05-31
     Report Type              : UPDATE
     If Update:
      Previous Site Log       : acns00esp_20230124.log
      Modified/Added Sections : 3.10, 3.11, 13


1.   Site Identification of the GNSS Monument

     Site Name                : Alcanices
     Four Character ID        : ACNS
     Monument Inscription     : NONE
     IERS DOMES Number        : 19306M001
     CDP Number               : (A4)
     Monument Description     : PILLAR
       Height of the Monument : 1.5 m
       Monument Foundation    : CONCRETE BLOCK ON ROOF
       Foundation Depth       : 0.5 m
     Marker Description       : FORCED CENTERING SCREW
     Date Installed           : 2008-02-14
     Geologic Characteristic  : (BEDROCK/CLAY/CONGLOMERATE/GRAVEL/SAND/etc)
       Bedrock Type           : (IGNEOUS/METAMORPHIC/SEDIMENTARY)
       Bedrock Condition      : (FRESH/JOINTED/WEATHERED)
       Fracture Spacing       : (0 cm/1-10 cm/11-50 cm/51-200 cm/over 200 cm)
       Fault zones nearby     : (YES/NO/Name of the zone)
         Distance/activity    : (multiple lines)
     Additional Information   : The station belong to the GNSS ITACYL network
                              : (http://gnss.itacyl.es/) as well as the National
                              : GNSS Permanent Network (ERGNSS) of IGN:
                              : (https://www.ign.es/web/ign/portal/gds-gnss-esta
                              : ciones-permanentes) and it is co-owned by both
                              : institutions.


2.   Site Location Information

     City or Town             : Alcanices
     State or Province        : Zamora
     Country                  : Spain
     Tectonic Plate           : EURASIAN
     Approximate Position (ITRF)
       X coordinate (m)       : 4740593.070
       Y coordinate (m)       : -527730.960
       Z coordinate (m)       : 4221367.320
       Latitude (N is +)      : +414200.20
       Longitude (E is +)     : -0062107.60
       Elevation (m,ellips.)  : 871.2
     Additional Information   : (multiple lines)


3.   GNSS Receiver Information

3.1  Receiver Type            : LEICA GRX1200GGPRO
     Satellite System         : GPS+GLO
     Serial Number            : 355527
     Firmware Version         : 5.62
     Elevation Cutoff Setting : 0 deg
     Date Installed           : 2008-02-14
     Date Removed             : 2009-07-28
     Temperature Stabiliz.    : (deg C) +/- (deg C)
     Additional Information   : (multiple lines)

3.2  Receiver Type            : LEICA GRX1200+GNSS
     Satellite System         : GPS+GLO
     Serial Number            : 355513
     Firmware Version         : 6.00
     Elevation Cutoff Setting : 0 deg
     Date Installed           : 2009-07-28
     Date Removed             : 2010-02-11
     Temperature Stabiliz.    : (deg C) +/- (deg C)
     Additional Information   : (multiple lines)

3.3  Receiver Type            : LEICA GRX1200+GNSS
     Satellite System         : GPS+GLO
     Serial Number            : 355513
     Firmware Version         : 7.80/4.004
     Elevation Cutoff Setting : 0 deg
     Date Installed           : 2010-02-11
     Date Removed             : 2014-11-05
     Temperature Stabiliz.    : (deg C) +/- (deg C)
     Additional Information   : (multiple lines)

3.4  Receiver Type            : LEICA GRX1200GGPRO
     Satellite System         : GPS+GLO
     Serial Number            : 451104
     Firmware Version         : 8.71/3.822
     Elevation Cutoff Setting : 0 deg
     Date Installed           : 2014-11-05
     Date Removed             : 2017-08-03T10:30Z
     Temperature Stabiliz.    : (deg C) +/- (deg C)
     Additional Information   : (multiple lines)

3.5  Receiver Type            : TRIMBLE NETR9
     Satellite System         : GPS+GLO+GAL+BDS
     Serial Number            : 5708R51422
     Firmware Version         : 5.15
     Elevation Cutoff Setting : 0 deg
     Date Installed           : 2017-08-03T10:30Z
     Date Removed             : 2018-10-23T06:00Z
     Temperature Stabiliz.    : (deg C) +/- (deg C)
     Additional Information   : (multiple lines)

3.6  Receiver Type            : TRIMBLE NETR9
     Satellite System         : GPS+GLO+GAL+BDS
     Serial Number            : 5708R51422
     Firmware Version         : 5.37
     Elevation Cutoff Setting : 0 deg
     Date Installed           : 2018-10-23T06:00Z
     Date Removed             : 2020-01-09T16:50Z
     Temperature Stabiliz.    : (deg C) +/- (deg C)
     Additional Information   : (multiple lines)

3.7  Receiver Type            : TRIMBLE NETR9
     Satellite System         : GPS+GLO+GAL+BDS
     Serial Number            : 5708R51422
     Firmware Version         : 5.44
     Elevation Cutoff Setting : 0 deg
     Date Installed           : 2020-01-09T16:50Z
     Date Removed             : 2021-04-22T08:00Z
     Temperature Stabiliz.    : (deg C) +/- (deg C)
     Additional Information   : (multiple lines)

3.8  Receiver Type            : TRIMBLE NETR9
     Satellite System         : GPS+GLO+GAL+BDS
     Serial Number            : 5708R51422
     Firmware Version         : 5.50
     Elevation Cutoff Setting : 0 deg
     Date Installed           : 2021-04-22T08:00Z
     Date Removed             : 2022-08-31T08:00Z
     Temperature Stabiliz.    : (deg C) +/- (deg C)
     Additional Information   : (multiple lines)

3.9  Receiver Type            : TRIMBLE NETR9
     Satellite System         : GPS+GLO+GAL+BDS
     Serial Number            : 5708R51419
     Firmware Version         : 5.50
     Elevation Cutoff Setting : 0 deg
     Date Installed           : 2022-08-31T08:00Z
     Date Removed             : 2023-01-24T09:00Z
     Temperature Stabiliz.    : (deg C) +/- (deg C)
     Additional Information   : (multiple lines)

3.10 Receiver Type            : TRIMBLE NETR9
     Satellite System         : GPS+GLO+GAL+BDS
     Serial Number            : 5708R51419
     Firmware Version         : 5.56
     Elevation Cutoff Setting : 0 deg
     Date Installed           : 2023-01-24T09:00Z
     Date Removed             : 2023-05-29T09:00Z
     Temperature Stabiliz.    : (deg C) +/- (deg C)
     Additional Information   : (multiple lines)

3.11 Receiver Type            : TRIMBLE NETR9
     Satellite System         : GPS+GLO+GAL+BDS
     Serial Number            : 5708R51422
     Firmware Version         : 5.56
     Elevation Cutoff Setting : 0 deg
     Date Installed           : 2023-05-29T09:00Z
     Date Removed             : CCYY-MM-DDThh:mmZ
     Temperature Stabiliz.    : (deg C) +/- (deg C)
     Additional Information   : (multiple lines)

3.x  Receiver Type            : (A20, from rcvr_ant.tab; see instructions)
     Satellite System         : (GPS+GLO+GAL+BDS+QZSS+IRNSS+SBAS)
     Serial Number            : (A20, but note the first A5 is used in SINEX)
     Firmware Version         : (A11)
     Elevation Cutoff Setting : (deg)
     Date Installed           : (CCYY-MM-DDThh:mmZ)
     Date Removed             : (CCYY-MM-DDThh:mmZ)
     Temperature Stabiliz.    : (none or tolerance in degrees C)
     Additional Information   : (multiple lines)


4.   GNSS Antenna Information

4.1  Antenna Type             : LEIAT504GG      NONE
     Serial Number            : 200529
     Antenna Reference Point  : BPA
     Marker->ARP Up Ecc. (m)  :   0.0000
     Marker->ARP North Ecc(m) :   0.0000
     Marker->ARP East Ecc(m)  :   0.0000
     Alignment from True N    : 0 deg
     Antenna Radome Type      : NONE
     Radome Serial Number     : 
     Antenna Cable Type       : Leica
     Antenna Cable Length     : 50 m
     Date Installed           : 2008-02-14
     Date Removed             : 2009-07-28
     Additional Information   : (multiple lines)

4.2  Antenna Type             : LEIAR25         NONE
     Serial Number            : 09090017
     Antenna Reference Point  : BPA
     Marker->ARP Up Ecc. (m)  :   0.0000
     Marker->ARP North Ecc(m) :   0.0000
     Marker->ARP East Ecc(m)  :   0.0000
     Alignment from True N    : 0 deg
     Antenna Radome Type      : NONE
     Radome Serial Number     : 
     Antenna Cable Type       : Leica
     Antenna Cable Length     : 50 m
     Date Installed           : 2009-07-28
     Date Removed             : 2016-06-16T12:00Z
     Additional Information   : (multiple lines)

4.3  Antenna Type             : LEIAR25         NONE
     Serial Number            : 09090017
     Antenna Reference Point  : BPA
     Marker->ARP Up Ecc. (m)  :   0.0000
     Marker->ARP North Ecc(m) :   0.0000
     Marker->ARP East Ecc(m)  :   0.0000
     Alignment from True N    : 0 deg
     Antenna Radome Type      : NONE
     Radome Serial Number     : 
     Antenna Cable Type       : Leica
     Antenna Cable Length     : 50 m
     Date Installed           : 2016-06-16T12:00Z
     Date Removed             : 2017-08-03T10:30Z
     Additional Information   : Change monumentation to pillar by adding
                              : concrete (square shape) to the existing steel
                              : mast. Marker point doesn't change.

4.4  Antenna Type             : TRM59900.00     SCIS
     Serial Number            : 5637362645
     Antenna Reference Point  : BPA
     Marker->ARP Up Ecc. (m)  :   0.0771
     Marker->ARP North Ecc(m) :   0.0000
     Marker->ARP East Ecc(m)  :   0.0000
     Alignment from True N    : 0 deg
     Antenna Radome Type      : SCIS
     Radome Serial Number     : 1996
     Antenna Cable Type       : Leica
     Antenna Cable Length     : 60 m
     Date Installed           : 2017-08-03T10:30Z
     Date Removed             : CCYY-MM-DDThh:mmZ
     Additional Information   : Added 0.0771 Up Ecc for new SECO adjustable Tilt
                              : Monument Mount. Marker point doesn't change.

4.x  Antenna Type             : (A20, from rcvr_ant.tab; see instructions)
     Serial Number            : (A*, but note the first A5 is used in SINEX)
     Antenna Reference Point  : (BPA/BCR/XXX from "antenna.gra"; see instr.)
     Marker->ARP Up Ecc. (m)  : (F8.4)
     Marker->ARP North Ecc(m) : (F8.4)
     Marker->ARP East Ecc(m)  : (F8.4)
     Alignment from True N    : (deg; + is clockwise/east)
     Antenna Radome Type      : (A4 from rcvr_ant.tab; see instructions)
     Radome Serial Number     : 
     Antenna Cable Type       : (vendor & type number)
     Antenna Cable Length     : (m)
     Date Installed           : (CCYY-MM-DDThh:mmZ)
     Date Removed             : (CCYY-MM-DDThh:mmZ)
     Additional Information   : (multiple lines)


5.   Surveyed Local Ties

5.x  Tied Marker Name         : 
     Tied Marker Usage        : (SLR/VLBI/LOCAL CONTROL/FOOTPRINT/etc)
     Tied Marker CDP Number   : (A4)
     Tied Marker DOMES Number : (A9)
     Differential Components from GNSS Marker to the tied monument (ITRS)
       dx (m)                 : (m)
       dy (m)                 : (m)
       dz (m)                 : (m)
     Accuracy (mm)            : (mm)
     Survey method            : (GPS CAMPAIGN/TRILATERATION/TRIANGULATION/etc)
     Date Measured            : (CCYY-MM-DDThh:mmZ)
     Additional Information   : (multiple lines)


6.   Frequency Standard

6.1  Standard Type            : INTERNAL
       Input Frequency        : (if external)
       Effective Dates        : 2008-02-14/CCYY-MM-DD
       Notes                  : (multiple lines)

6.x  Standard Type            : (INTERNAL or EXTERNAL H-MASER/CESIUM/etc)
       Input Frequency        : (if external)
       Effective Dates        : (CCYY-MM-DD/CCYY-MM-DD)
       Notes                  : (multiple lines)


7.   Collocation Information

7.x  Instrumentation Type     : (GPS/GLONASS/DORIS/PRARE/SLR/VLBI/TIME/etc)
       Status                 : (PERMANENT/MOBILE)
       Effective Dates        : (CCYY-MM-DD/CCYY-MM-DD)
       Notes                  : (multiple lines)


8.   Meteorological Instrumentation

8.1.x  Humidity Sensor Model  : 
       Manufacturer           : 
       Serial Number          : 
       Data Sampling Interval : (sec)
       Accuracy (% rel h)     : (% rel h)
       Aspiration             : (UNASPIRATED/NATURAL/FAN/etc)
       Height Diff to Ant     : (m)
       Calibration date       : (CCYY-MM-DD)
       Effective Dates        : (CCYY-MM-DD/CCYY-MM-DD)
       Notes                  : (multiple lines)

8.2.x  Pressure Sensor Model  : 
       Manufacturer           : 
       Serial Number          : 
       Data Sampling Interval : (sec)
       Accuracy               : (hPa)
       Height Diff to Ant     : (m)
       Calibration date       : (CCYY-MM-DD)
       Effective Dates        : (CCYY-MM-DD/CCYY-MM-DD)
       Notes                  : (multiple lines)

8.3.x  Temp. Sensor Model     : 
       Manufacturer           : 
       Serial Number          : 
       Data Sampling Interval : (sec)
       Accuracy               : (deg C)
       Aspiration             : (UNASPIRATED/NATURAL/FAN/etc)
       Height Diff to Ant     : (m)
       Calibration date       : (CCYY-MM-DD)
       Effective Dates        : (CCYY-MM-DD/CCYY-MM-DD)
       Notes                  : (multiple lines)

8.4.x  Water Vapor Radiometer : 
       Manufacturer           : 
       Serial Number          : 
       Distance to Antenna    : (m)
       Height Diff to Ant     : (m)
       Calibration date       : (CCYY-MM-DD)
       Effective Dates        : (CCYY-MM-DD/CCYY-MM-DD)
       Notes                  : (multiple lines)

8.5.x  Other Instrumentation  : (multiple lines)


9.   Local Ongoing Conditions Possibly Affecting Computed Position

9.1.x  Radio Interferences    : (TV/CELL PHONE ANTENNA/RADAR/etc)
       Observed Degradations  : (SN RATIO/DATA GAPS/etc)
       Effective Dates        : (CCYY-MM-DD/CCYY-MM-DD)
       Additional Information : (multiple lines)

9.2.x  Multipath Sources      : (METAL ROOF/DOME/VLBI ANTENNA/etc)
       Effective Dates        : (CCYY-MM-DD/CCYY-MM-DD)
       Additional Information : (multiple lines)

9.3.x  Signal Obstructions    : (TREES/BUILDINGS/etc)
       Effective Dates        : (CCYY-MM-DD/CCYY-MM-DD)
       Additional Information : (multiple lines)


10.  Local Episodic Effects Possibly Affecting Data Quality

10.x  Date                    : (CCYY-MM-DD/CCYY-MM-DD)
      Event                   : (TREE CLEARING/CONSTRUCTION/etc)


11.  On-Site, Point of Contact Agency Information

     Agency                   : Instituto Tecnologico Agrario de Castilla y Leon
                              : Unidad de Informacion Geografica
     Preferred Abbreviation   : ITACYL
     Mailing Address          : Carretera de Burgos, Km. 119
                              : 47071 Valladolid
                              : Spain
     Primary Contact
       Contact Name           : GNSS Team
       Telephone (primary)    : 
       Telephone (secondary)  : 
       Fax                    : 
       E-mail                 : gnss@itacyl.es
     Secondary Contact
       Contact Name           : 
       Telephone (primary)    : 
       Telephone (secondary)  : 
       Fax                    : 
       E-mail                 : 
     Additional Information   : (multiple lines)




12.  Responsible Agency (if different from 11.)

     Agency                   : (multiple lines)
     Preferred Abbreviation   : (A10)
     Mailing Address          : (multiple lines)
     Primary Contact
       Contact Name           : 
       Telephone (primary)    : 
       Telephone (secondary)  : 
       Fax                    : 
       E-mail                 : 
     Secondary Contact
       Contact Name           : 
       Telephone (primary)    : 
       Telephone (secondary)  : 
       Fax                    : 
       E-mail                 : 
     Additional Information   : (multiple lines)


13.  More Information

     Primary Data Center      : IGE
     Secondary Data Center    : 
     URL for More Information : https://gnss.itacyl.es
     Hardcopy on File
       Site Map               : (Y or URL)
       Site Diagram           : (Y or URL)
       Horizon Mask           : (Y or URL)
       Monument Description   : (Y or URL)
       Site Pictures          : (Y or URL)
     Additional Information   : The station belong to the GNSS ITACYL network
                              : (http://gnss.itacyl.es/) as well as the National
                              : GNSS Permanent Network (ERGNSS) of IGN:
                              : (https://www.ign.es/web/ign/portal/gds-gnss-esta
                              : ciones-permanentes) and it is co-owned by both
                              : institutions.
     Antenna Graphics with Dimensions

     (insert text graphic from file antenna.gra)
